// Jest Snapshot v1, https://goo.gl/fbAQLP

exports[`RecipeCard has a valid snapshot 1`] = `
<div
  className="recipe-card-grid"
>
  <div
    className="App-recipe-card"
  >
    <div
      className="recipe-card"
    >
      <img
        alt="Tomato and olive focaccia (TM)"
        className="recipe-card-img"
        src="http://gtest.dev.wwbtc.com/sites/default/files/styles/medium/public/2019-10/vigo%20the%20cat%20wallpaper.jpg?itok=C7xZGmBE"
      />
      <button
        className="recipe-card-title"
        onClick={[Function]}
      >
        Tomato and olive focaccia (TM)
      </button>
      <div
        className="recipe-card-summary"
      >
        baked flatbread type dish that is easy for even terrible cooks to make (now with 15% less housefire)&lt;br /&gt;

      </div>
    </div>
  </div>
  <div
    className="App-recipe-card"
  >
    <div
      className="recipe-card"
    >
      <img
        alt="Majorcan vegetable bake"
        className="recipe-card-img"
        src="http://gtest.dev.wwbtc.com/sites/default/files/styles/medium/public/2019-10/img_9212-683x1024.jpg?itok=yDqHlTFF"
      />
      <button
        className="recipe-card-title"
        onClick={[Function]}
      >
        Majorcan vegetable bake
      </button>
      <div
        className="recipe-card-summary"
      >
        
      </div>
    </div>
  </div>
</div>
`;
